--------------------------------------------------
      name:  <unnamed>
       log:  /Users/beverlyannhippolyte/GitHub/RDI
> /ppol768-spring23/Individual Assignments/Hippoly
> te BeverlyAnn/week-05/01_data/TZstudent.log
  log type:  text
 opened on:  17 Feb 2023, 12:26:04

. 
end of do-file

. do "/var/folders/49/p8496k8d2639fl3k1wrd6m880000gn/T//SD01544.000000"

.         use q4_Tz_student_roster_html.dta , clear 
file q4_Tz_student_roster_html.dta not found
r(601);

end of do-file

r(601);

. clear

. do "/var/folders/49/p8496k8d2639fl3k1wrd6m880000gn/T//SD01544.000000"

.         global wd "/Users/beverlyannhippolyte/GitHub/RDI/ppol768-spring23/Individual Assignments/Hippolyte Bev
> erlyAnn/week-04"

. 
end of do-file

. do "/var/folders/49/p8496k8d2639fl3k1wrd6m880000gn/T//SD01544.000000"

. log using TZstudent.log
log file already open
r(604);

end of do-file

r(604);

. do "/var/folders/49/p8496k8d2639fl3k1wrd6m880000gn/T//SD01544.000000"

.         use q4_Tz_student_roster_html.dta , clear 
file q4_Tz_student_roster_html.dta not found
r(601);

end of do-file

r(601);

. do "/var/folders/49/p8496k8d2639fl3k1wrd6m880000gn/T//SD01544.000000"

.         use q4_Tz_student_roster_html.dta , clear 
file q4_Tz_student_roster_html.dta not found
r(601);

end of do-file

r(601);

. pwd
/Users/beverlyannhippolyte/GitHub/RDI/ppol768-spring23/Individual Assignments/Hippolyte BeverlyAnn/week-05/01_da
> ta

. do "/var/folders/49/p8496k8d2639fl3k1wrd6m880000gn/T//SD01544.000000"

.         cd "/Users/beverlyannhippolyte/GitHub/RDI/ppol768-spring23/Individual Assignments/Hippolyte BeverlyAnn
> /week-04"
/Users/beverlyannhippolyte/GitHub/RDI/ppol768-spring23/Individual Assignments/Hippolyte BeverlyAnn/week-04

. 
end of do-file

. pwd
/Users/beverlyannhippolyte/GitHub/RDI/ppol768-spring23/Individual Assignments/Hippolyte BeverlyAnn/week-04

. do "/var/folders/49/p8496k8d2639fl3k1wrd6m880000gn/T//SD01544.000000"

.         use q4_Tz_student_roster_html.dta , clear 

. 
end of do-file

. do "/var/folders/49/p8496k8d2639fl3k1wrd6m880000gn/T//SD01544.000000"

. 
.         browse // First thing I do, browse the data to get familiar with it 

. 
.         split s, parse(">PS") // Split the string using ">PS" as the indicator of where we would like to begin
>  the split.
variables created as string: 
s1   s2   s3   s4   s5   s6   s7   s8   s9   s10  s11  s12  s13  s14  s15  s16  s17

. 
.         gen serial = _n       // this helps us generate a unique identifier when we reshape the data 

.                 drop s

.         
.         reshape long ///
>                 s , i(serial) j(student)
(j = 1 2 3 4 5 6 7 8 9 10 11 12 13 14 15 16 17)

Data                               Wide   ->   Long
-----------------------------------------------------------------------------
Number of observations                1   ->   17          
Number of variables                  18   ->   3           
j variable (17 values)                    ->   student
xij variables:
                          s1 s2 ... s17   ->   s
-----------------------------------------------------------------------------

. 
.         split s , parse ("<")           // Split the string again using the indicator "<"
variables created as string: 
s1    s14   s27   s40   s53   s66   s79   s92   s105  s118  s131  s144  s157  s170  s183  s196  s209  s222
s2    s15   s28   s41   s54   s67   s80   s93   s106  s119  s132  s145  s158  s171  s184  s197  s210  s223
s3    s16   s29   s42   s55   s68   s81   s94   s107  s120  s133  s146  s159  s172  s185  s198  s211
s4    s17   s30   s43   s56   s69   s82   s95   s108  s121  s134  s147  s160  s173  s186  s199  s212
s5    s18   s31   s44   s57   s70   s83   s96   s109  s122  s135  s148  s161  s174  s187  s200  s213
s6    s19   s32   s45   s58   s71   s84   s97   s110  s123  s136  s149  s162  s175  s188  s201  s214
s7    s20   s33   s46   s59   s72   s85   s98   s111  s124  s137  s150  s163  s176  s189  s202  s215
s8    s21   s34   s47   s60   s73   s86   s99   s112  s125  s138  s151  s164  s177  s190  s203  s216
s9    s22   s35   s48   s61   s74   s87   s100  s113  s126  s139  s152  s165  s178  s191  s204  s217
s10   s23   s36   s49   s62   s75   s88   s101  s114  s127  s140  s153  s166  s179  s192  s205  s218
s11   s24   s37   s50   s63   s76   s89   s102  s115  s128  s141  s154  s167  s180  s193  s206  s219
s12   s25   s38   s51   s64   s77   s90   s103  s116  s129  s142  s155  s168  s181  s194  s207  s220
s13   s26   s39   s52   s65   s78   s91   s104  s117  s130  s143  s156  s169  s182  s195  s208  s221

.                 keep s1 s6 s11 s16 s21 // Keep the columns that are relevant to the table

.                 drop in 1              // 
(1 observation deleted)

.         
.         rename (s1 s6 s11 s16 s21) (cand prem sex name subjects) // renamed each column

.         
.         compress                                        // shortened the length of some of the string by reduc
> ing the number of characters; specficially prem and sex
  variable prem was str74 now str28
  variable sex was str47 now str18
  (1,200 bytes saved)

.         
.         replace cand = "PS" + cand // cand is numeric so adding PS helps display the unique candidate number f
> or each student 
variable cand was str12 now str14
(16 real changes made)

.         replace prem = subinstr(prem, `"P ALIGN="CENTER">"', "",.) // This and the next few lines of code subs
> titute the original variable with nothing and returns nothing
(16 real changes made)

.         replace sex = subinstr(sex, `"P ALIGN="CENTER">"', "",.)   // This helps clean the data in the table a
> nd removing unnecessary characters in the columns and rows 
(16 real changes made)

.         replace name = subinstr(name, `"P>"', "",.)
(16 real changes made)

.         replace subjects = subinstr(subjects, `"P ALIGN="LEFT">"', "",.)
(16 real changes made)

. 
.         split subject , parse(",") // we split the variable "subject" into each individual subject; 
variables created as string: 
subjects1  subjects2  subjects3  subjects4  subjects5  subjects6  subjects7

.                                                         //      the comma is the character used to identify wh
> ere to in the string we should split
.         
.         foreach var in varlist subject* {  // for each variable in the list of subjects 
  2.                 replace `'"var " = substr(`'var', -1, .)
  3.         }
"var  invalid name
r(198);

end of do-file

r(198);

. clear

. pwd
/Users/beverlyannhippolyte/GitHub/RDI/ppol768-spring23/Individual Assignments/Hippolyte BeverlyAnn/week-04

. do "/var/folders/49/p8496k8d2639fl3k1wrd6m880000gn/T//SD01544.000000"

.         use q4_Tz_student_roster_html.dta , clear 

. 
end of do-file

. do "/var/folders/49/p8496k8d2639fl3k1wrd6m880000gn/T//SD01544.000000"

. 
.         browse // First thing I do, browse the data to get familiar with it 

. 
.         split s, parse(">PS") // Split the string using ">PS" as the indicator of where we would like to begin
>  the split.
variables created as string: 
s1   s2   s3   s4   s5   s6   s7   s8   s9   s10  s11  s12  s13  s14  s15  s16  s17

. 
.         gen serial = _n       // this helps us generate a unique identifier when we reshape the data 

.                 drop s

.         
.         reshape long ///
>                 s , i(serial) j(student)
(j = 1 2 3 4 5 6 7 8 9 10 11 12 13 14 15 16 17)

Data                               Wide   ->   Long
-----------------------------------------------------------------------------
Number of observations                1   ->   17          
Number of variables                  18   ->   3           
j variable (17 values)                    ->   student
xij variables:
                          s1 s2 ... s17   ->   s
-----------------------------------------------------------------------------

. 
.         split s , parse ("<")           // Split the string again using the indicator "<"
variables created as string: 
s1    s14   s27   s40   s53   s66   s79   s92   s105  s118  s131  s144  s157  s170  s183  s196  s209  s222
s2    s15   s28   s41   s54   s67   s80   s93   s106  s119  s132  s145  s158  s171  s184  s197  s210  s223
s3    s16   s29   s42   s55   s68   s81   s94   s107  s120  s133  s146  s159  s172  s185  s198  s211
s4    s17   s30   s43   s56   s69   s82   s95   s108  s121  s134  s147  s160  s173  s186  s199  s212
s5    s18   s31   s44   s57   s70   s83   s96   s109  s122  s135  s148  s161  s174  s187  s200  s213
s6    s19   s32   s45   s58   s71   s84   s97   s110  s123  s136  s149  s162  s175  s188  s201  s214
s7    s20   s33   s46   s59   s72   s85   s98   s111  s124  s137  s150  s163  s176  s189  s202  s215
s8    s21   s34   s47   s60   s73   s86   s99   s112  s125  s138  s151  s164  s177  s190  s203  s216
s9    s22   s35   s48   s61   s74   s87   s100  s113  s126  s139  s152  s165  s178  s191  s204  s217
s10   s23   s36   s49   s62   s75   s88   s101  s114  s127  s140  s153  s166  s179  s192  s205  s218
s11   s24   s37   s50   s63   s76   s89   s102  s115  s128  s141  s154  s167  s180  s193  s206  s219
s12   s25   s38   s51   s64   s77   s90   s103  s116  s129  s142  s155  s168  s181  s194  s207  s220
s13   s26   s39   s52   s65   s78   s91   s104  s117  s130  s143  s156  s169  s182  s195  s208  s221

.                 keep s1 s6 s11 s16 s21 // Keep the columns that are relevant to the table

.                 drop in 1              // 
(1 observation deleted)

.         
.         rename (s1 s6 s11 s16 s21) (cand prem sex name subjects) // renamed each column

.         
.         compress                                        // shortened the length of some of the string by reduc
> ing the number of characters; specficially prem and sex
  variable prem was str74 now str28
  variable sex was str47 now str18
  (1,200 bytes saved)

.         
.         replace cand = "PS" + cand // cand is numeric so adding PS helps display the unique candidate number f
> or each student 
variable cand was str12 now str14
(16 real changes made)

.         replace prem = subinstr(prem, `"P ALIGN="CENTER">"', "",.) // This and the next few lines of code subs
> titute the original variable with nothing and returns nothing
(16 real changes made)

.         replace sex = subinstr(sex, `"P ALIGN="CENTER">"', "",.)   // This helps clean the data in the table a
> nd removing unnecessary characters in the columns and rows 
(16 real changes made)

.         replace name = subinstr(name, `"P>"', "",.)
(16 real changes made)

.         replace subjects = subinstr(subjects, `"P ALIGN="LEFT">"', "",.)
(16 real changes made)

. 
.         split subject , parse(",") // we split the variable "subject" into each individual subject; 
variables created as string: 
subjects1  subjects2  subjects3  subjects4  subjects5  subjects6  subjects7

.                                                         //      the comma is the character used to identify wh
> ere to in the string we should split
.         
.         foreach var in varlist subject* {  // for each variable in the list of subjects 
  2.                 replace `'"var" = substr(`'var', -1, .)
  3.         }
"var invalid name
r(198);

end of do-file

r(198);

. clear

. do "/var/folders/49/p8496k8d2639fl3k1wrd6m880000gn/T//SD01544.000000"

.         use q4_Tz_student_roster_html.dta , clear 

. 
.         browse // First thing I do, browse the data to get familiar with it 

. 
.         split s, parse(">PS") // Split the string using ">PS" as the indicator of where we would like to begin
>  the split.
variables created as string: 
s1   s2   s3   s4   s5   s6   s7   s8   s9   s10  s11  s12  s13  s14  s15  s16  s17

. 
.         gen serial = _n       // this helps us generate a unique identifier when we reshape the data 

.                 drop s

.         
.         reshape long ///
>                 s , i(serial) j(student)
(j = 1 2 3 4 5 6 7 8 9 10 11 12 13 14 15 16 17)

Data                               Wide   ->   Long
-----------------------------------------------------------------------------
Number of observations                1   ->   17          
Number of variables                  18   ->   3           
j variable (17 values)                    ->   student
xij variables:
                          s1 s2 ... s17   ->   s
-----------------------------------------------------------------------------

. 
.         split s , parse ("<")           // Split the string again using the indicator "<"
variables created as string: 
s1    s14   s27   s40   s53   s66   s79   s92   s105  s118  s131  s144  s157  s170  s183  s196  s209  s222
s2    s15   s28   s41   s54   s67   s80   s93   s106  s119  s132  s145  s158  s171  s184  s197  s210  s223
s3    s16   s29   s42   s55   s68   s81   s94   s107  s120  s133  s146  s159  s172  s185  s198  s211
s4    s17   s30   s43   s56   s69   s82   s95   s108  s121  s134  s147  s160  s173  s186  s199  s212
s5    s18   s31   s44   s57   s70   s83   s96   s109  s122  s135  s148  s161  s174  s187  s200  s213
s6    s19   s32   s45   s58   s71   s84   s97   s110  s123  s136  s149  s162  s175  s188  s201  s214
s7    s20   s33   s46   s59   s72   s85   s98   s111  s124  s137  s150  s163  s176  s189  s202  s215
s8    s21   s34   s47   s60   s73   s86   s99   s112  s125  s138  s151  s164  s177  s190  s203  s216
s9    s22   s35   s48   s61   s74   s87   s100  s113  s126  s139  s152  s165  s178  s191  s204  s217
s10   s23   s36   s49   s62   s75   s88   s101  s114  s127  s140  s153  s166  s179  s192  s205  s218
s11   s24   s37   s50   s63   s76   s89   s102  s115  s128  s141  s154  s167  s180  s193  s206  s219
s12   s25   s38   s51   s64   s77   s90   s103  s116  s129  s142  s155  s168  s181  s194  s207  s220
s13   s26   s39   s52   s65   s78   s91   s104  s117  s130  s143  s156  s169  s182  s195  s208  s221

.                 keep s1 s6 s11 s16 s21 // Keep the columns that are relevant to the table

.                 drop in 1              // 
(1 observation deleted)

.         
.         rename (s1 s6 s11 s16 s21) (cand prem sex name subjects) // renamed each column

.         
.         compress                                        // shortened the length of some of the string by reduc
> ing the number of characters; specficially prem and sex
  variable prem was str74 now str28
  variable sex was str47 now str18
  (1,200 bytes saved)

.         
.         replace cand = "PS" + cand // cand is numeric so adding PS helps display the unique candidate number f
> or each student 
variable cand was str12 now str14
(16 real changes made)

.         replace prem = subinstr(prem, `"P ALIGN="CENTER">"', "",.) // This and the next few lines of code subs
> titute the original variable with nothing and returns nothing
(16 real changes made)

.         replace sex = subinstr(sex, `"P ALIGN="CENTER">"', "",.)   // This helps clean the data in the table a
> nd removing unnecessary characters in the columns and rows 
(16 real changes made)

.         replace name = subinstr(name, `"P>"', "",.)
(16 real changes made)

.         replace subjects = subinstr(subjects, `"P ALIGN="LEFT">"', "",.)
(16 real changes made)

. 
.         split subject , parse(",") // we split the variable "subject" into each individual subject; 
variables created as string: 
subjects1  subjects2  subjects3  subjects4  subjects5  subjects6  subjects7

.                                                         //      the comma is the character used to identify wh
> ere to in the string we should split
.         
.         foreach var in varlist subject* {  // for each variable in the list of subjects 
  2.                 replace `var = substr(`var', -1, .)
  3.         }
` invalid name
r(198);

end of do-file

r(198);

. clear 

. do "/var/folders/49/p8496k8d2639fl3k1wrd6m880000gn/T//SD01544.000000"

.         use q4_Tz_student_roster_html.dta , clear 

. 
.         browse // First thing I do, browse the data to get familiar with it 

. 
.         split s, parse(">PS") // Split the string using ">PS" as the indicator of where we would like to begin
>  the split.
variables created as string: 
s1   s2   s3   s4   s5   s6   s7   s8   s9   s10  s11  s12  s13  s14  s15  s16  s17

. 
.         gen serial = _n       // this helps us generate a unique identifier when we reshape the data 

.                 drop s

.         
.         reshape long ///
>                 s , i(serial) j(student)
(j = 1 2 3 4 5 6 7 8 9 10 11 12 13 14 15 16 17)

Data                               Wide   ->   Long
-----------------------------------------------------------------------------
Number of observations                1   ->   17          
Number of variables                  18   ->   3           
j variable (17 values)                    ->   student
xij variables:
                          s1 s2 ... s17   ->   s
-----------------------------------------------------------------------------

. 
.         split s , parse ("<")           // Split the string again using the indicator "<"
variables created as string: 
s1    s14   s27   s40   s53   s66   s79   s92   s105  s118  s131  s144  s157  s170  s183  s196  s209  s222
s2    s15   s28   s41   s54   s67   s80   s93   s106  s119  s132  s145  s158  s171  s184  s197  s210  s223
s3    s16   s29   s42   s55   s68   s81   s94   s107  s120  s133  s146  s159  s172  s185  s198  s211
s4    s17   s30   s43   s56   s69   s82   s95   s108  s121  s134  s147  s160  s173  s186  s199  s212
s5    s18   s31   s44   s57   s70   s83   s96   s109  s122  s135  s148  s161  s174  s187  s200  s213
s6    s19   s32   s45   s58   s71   s84   s97   s110  s123  s136  s149  s162  s175  s188  s201  s214
s7    s20   s33   s46   s59   s72   s85   s98   s111  s124  s137  s150  s163  s176  s189  s202  s215
s8    s21   s34   s47   s60   s73   s86   s99   s112  s125  s138  s151  s164  s177  s190  s203  s216
s9    s22   s35   s48   s61   s74   s87   s100  s113  s126  s139  s152  s165  s178  s191  s204  s217
s10   s23   s36   s49   s62   s75   s88   s101  s114  s127  s140  s153  s166  s179  s192  s205  s218
s11   s24   s37   s50   s63   s76   s89   s102  s115  s128  s141  s154  s167  s180  s193  s206  s219
s12   s25   s38   s51   s64   s77   s90   s103  s116  s129  s142  s155  s168  s181  s194  s207  s220
s13   s26   s39   s52   s65   s78   s91   s104  s117  s130  s143  s156  s169  s182  s195  s208  s221

.                 keep s1 s6 s11 s16 s21 // Keep the columns that are relevant to the table

.                 drop in 1              // 
(1 observation deleted)

.         
.         rename (s1 s6 s11 s16 s21) (cand prem sex name subjects) // renamed each column

.         
.         compress                                        // shortened the length of some of the string by reduc
> ing the number of characters; specficially prem and sex
  variable prem was str74 now str28
  variable sex was str47 now str18
  (1,200 bytes saved)

.         
.         replace cand = "PS" + cand // cand is numeric so adding PS helps display the unique candidate number f
> or each student 
variable cand was str12 now str14
(16 real changes made)

.         replace prem = subinstr(prem, `"P ALIGN="CENTER">"', "",.) // This and the next few lines of code subs
> titute the original variable with nothing and returns nothing
(16 real changes made)

.         replace sex = subinstr(sex, `"P ALIGN="CENTER">"', "",.)   // This helps clean the data in the table a
> nd removing unnecessary characters in the columns and rows 
(16 real changes made)

.         replace name = subinstr(name, `"P>"', "",.)
(16 real changes made)

.         replace subjects = subinstr(subjects, `"P ALIGN="LEFT">"', "",.)
(16 real changes made)

. 
.         split subject , parse(",") // we split the variable "subject" into each individual subject; 
variables created as string: 
subjects1  subjects2  subjects3  subjects4  subjects5  subjects6  subjects7

.                                                         //      the comma is the character used to identify wh
> ere to in the string we should split
.         
.         foreach var in varlist subject* {  // for each variable in the list of subjects 
  2.                 replace var = substr(`var', -1, .)
  3.         }
variable var not found
r(111);

end of do-file

r(111);

. clear 

. clear 

